// Jest Snapshot v1, https://goo.gl/fbAQLP

exports[`BillFilter render snapshots 📸 BillFilter should match snap shot when category filter opened 1`] = `
<div
  className="bill__filter__container"
>
  <div
    className="filter__header"
  >
    <span
      className="filter__header__title"
    >
      Filters 
    </span>
  </div>
  <div
    className="filter__selections__container"
  >
    <span
      className="badge badge-outline-primary badge-pill"
      id="descending"
      onClick={[Function]}
    >
      Newest
    </span>
    <span
      className="badge badge-outline-primary badge-pill"
      id="ascending"
      onClick={[Function]}
    >
      Oldest
    </span>
    <span
      className="badge badge-outline-primary badge-pill"
      id="by__status"
      onClick={[Function]}
    >
      Status
    </span>
    <span
      className="badge badge-outline-primary badge-pill"
      id="alphabetical__increasing"
      onClick={[Function]}
    >
      A to Z
    </span>
    <span
      className="badge badge-outline-primary badge-pill"
      id="alphabetical__decreasing"
      onClick={[Function]}
    >
      Z to A
    </span>
    <span
      className="badge badge-outline-primary badge-pill"
      id="by__category"
      onClick={[Function]}
    >
      Category
    </span>
    <span
      className="badge badge-outline-primary badge-pill"
      id="by__date"
      onClick={[Function]}
    >
      Date
    </span>
  </div>
  <div
    className="advanced__filter__selection"
  >
    <div
      className="date__filter"
    >
      <label
        className="custom-control custom-checkbox"
      >
        <input
          checked={false}
          className="custom-control-input"
          id="dr-checkbox-3_MhUaNau"
          onChange={[Function]}
          type="checkbox"
        />
        <label
          aria-hidden="true"
          className="custom-control-label"
          id="dr-checkbox-3_MhUaNau"
          onClick={[Function]}
        />
        <span
          className="custom-control-description"
        >
          Start date
          
        </span>
      </label>
      <label
        className="custom-control custom-checkbox"
      >
        <input
          checked={false}
          className="custom-control-input"
          id="dr-checkbox-e0m0fbJBWI"
          onChange={[Function]}
          type="checkbox"
        />
        <label
          aria-hidden="true"
          className="custom-control-label"
          id="dr-checkbox-e0m0fbJBWI"
          onClick={[Function]}
        />
        <span
          className="custom-control-description"
        >
          End date
          
        </span>
      </label>
      <input
        className="form-control"
        disabled={true}
        onChange={[Function]}
        type="date"
      />
    </div>
  </div>
</div>
`;
