// Jest Snapshot v1, https://goo.gl/fbAQLP

exports[`BillFilter render snapshots 📸 BillFilter should match snap shot when category opened 1`] = `
<div
  className="bill__filter__container"
>
  <div
    className="filter__header"
  >
    <span
      className="filter__header__title"
    >
      Filters 
      allBills
    </span>
  </div>
  <div
    className="filter__selections__container"
  >
    <span
      className="active"
    >
      <span
        className="badge badge-outline-primary badge-pill"
        id="descending"
        onClick={[Function]}
      >
        Newest
      </span>
    </span>
    <span
      className={false}
    >
      <span
        className="badge badge-outline-primary badge-pill"
        id="ascending"
        onClick={[Function]}
      >
        Oldest
      </span>
    </span>
    <span
      className={false}
    >
      <span
        className="badge badge-outline-primary badge-pill"
        id="by__status"
        onClick={[Function]}
      >
        Status
      </span>
    </span>
    <span
      className={false}
    >
      <span
        className="badge badge-outline-primary badge-pill"
        id="alphabetical__increasing"
        onClick={[Function]}
      >
        A to Z
      </span>
    </span>
    <span
      className={false}
    >
      <span
        className="badge badge-outline-primary badge-pill"
        id="alphabetical__decreasing"
        onClick={[Function]}
      >
        Z to A
      </span>
    </span>
    <span
      className={false}
    >
      <span
        className="badge badge-outline-primary badge-pill"
        id="by__category"
        onClick={[Function]}
      >
        Category
      </span>
    </span>
    <span
      className={false}
    >
      <span
        className="badge badge-outline-primary badge-pill"
        id="by__date"
        onClick={[Function]}
      >
        Date
      </span>
    </span>
  </div>
  <div
    className="advanced__filter__selection"
  >
    <div
      className="category__filter"
    >
      <input
        className="form-control"
        placeholder="Restaurant"
        type="text"
      />
    </div>
  </div>
</div>
`;
