// Jest Snapshot v1, https://goo.gl/fbAQLP

exports[`Navbar render snapshots 📸 Navbar should match snap shot 1`] = `
<nav
  className="navbar navbar-expand-sm navbar-light"
>
  <ul
    className="navbar-nav"
  >
    <li
      className="nav-item"
    >
      <a
        className="nav-link"
        href="#"
        onClick={[Function]}
      >
        Billsnap Logo
      </a>
    </li>
  </ul>
  <ul
    className="ml-auto navbar-nav"
  >
    <li
      className="nav-item"
    >
      <a
        className="nav-link"
        href="#"
        onClick={[Function]}
      >
        About us
      </a>
    </li>
    <li
      className="nav-item"
    >
      <a
        className="nav-link"
        href="#"
        onClick={[Function]}
      >
        Features
      </a>
    </li>
    <li
      className="nav-item"
    >
      <a
        className="nav-link"
        onClick={[Function]}
      >
        Contact us
      </a>
    </li>
  </ul>
</nav>
`;
